Modules list:
-------------
m01.o:
    CODE              Offs=000000  Size=000051  Align=00001  Fill=0000
C:\Users\Noah\fun\c64\cc65\lib/c64.lib(callmain.o):
    CODE              Offs=000051  Size=000017  Align=00001  Fill=0000
    DATA              Offs=000000  Size=000004  Align=00001  Fill=0000
C:\Users\Noah\fun\c64\cc65\lib/c64.lib(condes.o):
    CODE              Offs=000068  Size=00000C  Align=00001  Fill=0000
    DATA              Offs=000004  Size=000025  Align=00001  Fill=0000
    ONCE              Offs=000000  Size=00000C  Align=00001  Fill=0000
C:\Users\Noah\fun\c64\cc65\lib/c64.lib(crt0.o):
    STARTUP           Offs=000000  Size=000033  Align=00001  Fill=0000
    ONCE              Offs=00000C  Size=00001A  Align=00001  Fill=0000
    INIT              Offs=000000  Size=00001C  Align=00001  Fill=0000
C:\Users\Noah\fun\c64\cc65\lib/c64.lib(exehdr.o):
    EXEHDR            Offs=000000  Size=00000C  Align=00001  Fill=0000
C:\Users\Noah\fun\c64\cc65\lib/c64.lib(incsp2.o):
    CODE              Offs=000074  Size=000016  Align=00001  Fill=0000
C:\Users\Noah\fun\c64\cc65\lib/c64.lib(kernal.o):
C:\Users\Noah\fun\c64\cc65\lib/c64.lib(loadaddr.o):
    LOADADDR          Offs=000000  Size=000002  Align=00001  Fill=0000
C:\Users\Noah\fun\c64\cc65\lib/c64.lib(mainargs.o):
    DATA              Offs=000029  Size=000016  Align=00001  Fill=0000
    ONCE              Offs=000026  Size=000069  Align=00001  Fill=0000
    INIT              Offs=00001C  Size=000012  Align=00001  Fill=0000
C:\Users\Noah\fun\c64\cc65\lib/c64.lib(pushax.o):
    CODE              Offs=00008A  Size=00001A  Align=00001  Fill=0000
C:\Users\Noah\fun\c64\cc65\lib/c64.lib(status.o):
C:\Users\Noah\fun\c64\cc65\lib/c64.lib(zerobss.o):
    CODE              Offs=0000A4  Size=000023  Align=00001  Fill=0000
C:\Users\Noah\fun\c64\cc65\lib/c64.lib(zeropage.o):
    ZEROPAGE          Offs=000000  Size=00001A  Align=00001  Fill=0000


Segment list:
-------------
Name                   Start     End    Size  Align
----------------------------------------------------
ZEROPAGE              000002  00001B  00001A  00001
LOADADDR              0007FF  000800  000002  00001
EXEHDR                000801  00080C  00000C  00001
STARTUP               00080D  00083F  000033  00001
CODE                  000840  000906  0000C7  00001
DATA                  000907  000945  00003F  00001
INIT                  000946  000973  00002E  00001
ONCE                  000974  000A04  000091  00001


Exports list by name:
---------------------
BSOUT                     00FFD2 RLA    ST                        000090 RLZ    
__BSS_RUN__               000974 RLA    __BSS_SIZE__              000000 REA    
__CONSTRUCTOR_COUNT__     000001 REA    __CONSTRUCTOR_TABLE__     000A03 RLA    
__DESTRUCTOR_COUNT__      000000 REA    __DESTRUCTOR_TABLE__      000907 RLA    
__EXEHDR__                000001 REA    __HEADER_LAST__           00080D RLA    
__HIMEM__                 00D000 REA    __LOADADDR__              000001 REA    
__MAIN_SIZE__             00C7F3 REA    __MAIN_START__            00080D RLA    
__ONCE_RUN__              000974 RLA    __STACKSIZE__             000800 REA    
__STARTUP__               000001 REA    __argc                    000907 RLA    
__argv                    000909 RLA    _main                     000858 RLA    
callmain                  000891 RLA    donelib                   0008A8 RLA    
incsp2                    0008BC RLA    initlib                   000974 RLA    
initmainargs              00099A RLAI   ptr1                      00000A RLZ    
pushax                    0008CE RLA    sp                        000002 RLZ    
zerobss                   0008E4 RLA    


Exports list by value:
----------------------
__DESTRUCTOR_COUNT__      000000 REA    __BSS_SIZE__              000000 REA    
__LOADADDR__              000001 REA    __STARTUP__               000001 REA    
__EXEHDR__                000001 REA    __CONSTRUCTOR_COUNT__     000001 REA    
sp                        000002 RLZ    ptr1                      00000A RLZ    
ST                        000090 RLZ    __STACKSIZE__             000800 REA    
__MAIN_START__            00080D RLA    __HEADER_LAST__           00080D RLA    
_main                     000858 RLA    callmain                  000891 RLA    
donelib                   0008A8 RLA    incsp2                    0008BC RLA    
pushax                    0008CE RLA    zerobss                   0008E4 RLA    
__argc                    000907 RLA    __DESTRUCTOR_TABLE__      000907 RLA    
__argv                    000909 RLA    initlib                   000974 RLA    
__ONCE_RUN__              000974 RLA    __BSS_RUN__               000974 RLA    
initmainargs              00099A RLAI   __CONSTRUCTOR_TABLE__     000A03 RLA    
__MAIN_SIZE__             00C7F3 REA    __HIMEM__                 00D000 REA    
BSOUT                     00FFD2 RLA    


Imports list:
-------------
BSOUT (kernal.o):
    crt0.o                    c64/crt0.s(10)
ST (status.o):
    crt0.o                    c64/crt0.s(13)
__BSS_RUN__ ([linker generated]):
    zerobss.o                 common/zerobss.s(8)
__BSS_SIZE__ ([linker generated]):
    zerobss.o                 common/zerobss.s(8)
__CONSTRUCTOR_COUNT__ ([linker generated]):
    condes.o                  runtime/condes.s(18)
__CONSTRUCTOR_TABLE__ ([linker generated]):
    condes.o                  runtime/condes.s(18)
__DESTRUCTOR_COUNT__ ([linker generated]):
    condes.o                  runtime/condes.s(19)
__DESTRUCTOR_TABLE__ ([linker generated]):
    condes.o                  runtime/condes.s(19)
__EXEHDR__ (exehdr.o):
    [linker generated]        C:\Users\Noah\fun\c64\cc65\cfg/c64.cfg(6)
__HEADER_LAST__ ([linker generated]):
    [linker generated]        C:\Users\Noah\fun\c64\cc65\cfg/c64.cfg(14)
    [linker generated]        C:\Users\Noah\fun\c64\cc65\cfg/c64.cfg(14)
__HIMEM__ ([linker generated]):
    [linker generated]        C:\Users\Noah\fun\c64\cc65\cfg/c64.cfg(15)
    [linker generated]        C:\Users\Noah\fun\c64\cc65\cfg/c64.cfg(14)
__LOADADDR__ (loadaddr.o):
    [linker generated]        C:\Users\Noah\fun\c64\cc65\cfg/c64.cfg(5)
__MAIN_SIZE__ ([linker generated]):
    crt0.o                    c64/crt0.s(11)
__MAIN_START__ ([linker generated]):
    crt0.o                    c64/crt0.s(11)
__ONCE_RUN__ ([linker generated]):
    [linker generated]        C:\Users\Noah\fun\c64\cc65\cfg/c64.cfg(15)
    [linker generated]        C:\Users\Noah\fun\c64\cc65\cfg/c64.cfg(15)
__STACKSIZE__ ([linker generated]):
    [linker generated]        C:\Users\Noah\fun\c64\cc65\cfg/c64.cfg(15)
__STARTUP__ (crt0.o):
    m01.o                     m01.s(23)
__argc (callmain.o):
    mainargs.o                c64/mainargs.s(26)
__argv (callmain.o):
    mainargs.o                c64/mainargs.s(26)
_main (m01.o):
    callmain.o                runtime/callmain.s(11)
callmain (callmain.o):
    crt0.o                    c64/crt0.s(9)
donelib (condes.o):
    crt0.o                    c64/crt0.s(8)
incsp2 (incsp2.o):
    m01.o                     m01.s(150)
initlib (condes.o):
    crt0.o                    c64/crt0.s(8)
initmainargs (mainargs.o):
    m01.o                     m01.s(24)
ptr1 (zeropage.o):
    zerobss.o                 common/zerobss.s(9)
    m01.o                     m01.s(11)
pushax (pushax.o):
    callmain.o                runtime/callmain.s(11)
    m01.o                     m01.s(150)
    m01.o                     m01.s(150)
sp (zeropage.o):
    pushax.o                  runtime/pushax.s(8)
    incsp2.o                  runtime/incsp2.s(8)
    crt0.o                    /home/travis/build/cc65/cc65/asminc/zeropage.inc(11)
    m01.o                     m01.s(10)
zerobss (zerobss.o):
    crt0.o                    c64/crt0.s(9)

