Modules list:
-------------
m02.o:
    CODE              Offs=000000  Size=0002FE  Align=00001  Fill=0000
C:\Users\Noah\fun\c64\cc65\lib/c64.lib(call.o):
    CODE              Offs=0002FE  Size=000007  Align=00001  Fill=0000
C:\Users\Noah\fun\c64\cc65\lib/c64.lib(callmain.o):
    CODE              Offs=000305  Size=000017  Align=00001  Fill=0000
    DATA              Offs=000000  Size=000004  Align=00001  Fill=0000
C:\Users\Noah\fun\c64\cc65\lib/c64.lib(condes.o):
    CODE              Offs=00031C  Size=00000C  Align=00001  Fill=0000
    DATA              Offs=000004  Size=000025  Align=00001  Fill=0000
    ONCE              Offs=000000  Size=00000C  Align=00001  Fill=0000
C:\Users\Noah\fun\c64\cc65\lib/c64.lib(crt0.o):
    STARTUP           Offs=000000  Size=000033  Align=00001  Fill=0000
    ONCE              Offs=00000C  Size=00001A  Align=00001  Fill=0000
    INIT              Offs=000000  Size=00001C  Align=00001  Fill=0000
C:\Users\Noah\fun\c64\cc65\lib/c64.lib(decsp8.o):
    CODE              Offs=000328  Size=00000D  Align=00001  Fill=0000
C:\Users\Noah\fun\c64\cc65\lib/c64.lib(exehdr.o):
    EXEHDR            Offs=000000  Size=00000C  Align=00001  Fill=0000
C:\Users\Noah\fun\c64\cc65\lib/c64.lib(kernal.o):
C:\Users\Noah\fun\c64\cc65\lib/c64.lib(loadaddr.o):
    LOADADDR          Offs=000000  Size=000002  Align=00001  Fill=0000
C:\Users\Noah\fun\c64\cc65\lib/c64.lib(pushax.o):
    CODE              Offs=000335  Size=00001A  Align=00001  Fill=0000
C:\Users\Noah\fun\c64\cc65\lib/c64.lib(status.o):
C:\Users\Noah\fun\c64\cc65\lib/c64.lib(zerobss.o):
    CODE              Offs=00034F  Size=000023  Align=00001  Fill=0000
C:\Users\Noah\fun\c64\cc65\lib/c64.lib(zeropage.o):
    ZEROPAGE          Offs=000000  Size=00001A  Align=00001  Fill=0000


Segment list:
-------------
Name                   Start     End    Size  Align
----------------------------------------------------
ZEROPAGE              000002  00001B  00001A  00001
LOADADDR              0007FF  000800  000002  00001
EXEHDR                000801  00080C  00000C  00001
STARTUP               00080D  00083F  000033  00001
CODE                  000840  000BB1  000372  00001
DATA                  000BB2  000BDA  000029  00001
INIT                  000BDB  000BF6  00001C  00001
ONCE                  000BF7  000C1C  000026  00001


Exports list by name:
---------------------
BSOUT                     00FFD2 RLA    ST                        000090 RLZ    
__BSS_RUN__               000BF7 RLA    __BSS_SIZE__              000000 REA    
__CONSTRUCTOR_COUNT__     000000 REA    __CONSTRUCTOR_TABLE__     000C1D RLA    
__DESTRUCTOR_COUNT__      000000 REA    __DESTRUCTOR_TABLE__      000BB2 RLA    
__EXEHDR__                000001 REA    __HEADER_LAST__           00080D RLA    
__HIMEM__                 00D000 REA    __LOADADDR__              000001 REA    
__MAIN_SIZE__             00C7F3 REA    __MAIN_START__            00080D RLA    
__ONCE_RUN__              000BF7 RLA    __STACKSIZE__             000800 REA    
__STARTUP__               000001 REA    _main                     000840 RLA    
callax                    000B3E RLA    callmain                  000B45 RLA    
decsp8                    000B68 RLA    donelib                   000B5C RLA    
initlib                   000BF7 RLA    ptr1                      00000A RLZ    
pushax                    000B79 RLA    sp                        000002 RLZ    
zerobss                   000B8F RLA    


Exports list by value:
----------------------
__CONSTRUCTOR_COUNT__     000000 REA    __DESTRUCTOR_COUNT__      000000 REA    
__BSS_SIZE__              000000 REA    __STARTUP__               000001 REA    
__LOADADDR__              000001 REA    __EXEHDR__                000001 REA    
sp                        000002 RLZ    ptr1                      00000A RLZ    
ST                        000090 RLZ    __STACKSIZE__             000800 REA    
__MAIN_START__            00080D RLA    __HEADER_LAST__           00080D RLA    
_main                     000840 RLA    callax                    000B3E RLA    
callmain                  000B45 RLA    donelib                   000B5C RLA    
decsp8                    000B68 RLA    pushax                    000B79 RLA    
zerobss                   000B8F RLA    __DESTRUCTOR_TABLE__      000BB2 RLA    
__BSS_RUN__               000BF7 RLA    initlib                   000BF7 RLA    
__ONCE_RUN__              000BF7 RLA    __CONSTRUCTOR_TABLE__     000C1D RLA    
__MAIN_SIZE__             00C7F3 REA    __HIMEM__                 00D000 REA    
BSOUT                     00FFD2 RLA    


Imports list:
-------------
BSOUT (kernal.o):
    crt0.o                    c64/crt0.s(10)
ST (status.o):
    crt0.o                    c64/crt0.s(13)
__BSS_RUN__ ([linker generated]):
    zerobss.o                 common/zerobss.s(8)
__BSS_SIZE__ ([linker generated]):
    zerobss.o                 common/zerobss.s(8)
__CONSTRUCTOR_COUNT__ ([linker generated]):
    condes.o                  runtime/condes.s(18)
__CONSTRUCTOR_TABLE__ ([linker generated]):
    condes.o                  runtime/condes.s(18)
__DESTRUCTOR_COUNT__ ([linker generated]):
    condes.o                  runtime/condes.s(19)
__DESTRUCTOR_TABLE__ ([linker generated]):
    condes.o                  runtime/condes.s(19)
__EXEHDR__ (exehdr.o):
    [linker generated]        C:\Users\Noah\fun\c64\cc65\cfg/c64.cfg(6)
__HEADER_LAST__ ([linker generated]):
    [linker generated]        C:\Users\Noah\fun\c64\cc65\cfg/c64.cfg(14)
    [linker generated]        C:\Users\Noah\fun\c64\cc65\cfg/c64.cfg(14)
__HIMEM__ ([linker generated]):
    [linker generated]        C:\Users\Noah\fun\c64\cc65\cfg/c64.cfg(15)
    [linker generated]        C:\Users\Noah\fun\c64\cc65\cfg/c64.cfg(14)
__LOADADDR__ (loadaddr.o):
    [linker generated]        C:\Users\Noah\fun\c64\cc65\cfg/c64.cfg(5)
__MAIN_SIZE__ ([linker generated]):
    crt0.o                    c64/crt0.s(11)
__MAIN_START__ ([linker generated]):
    crt0.o                    c64/crt0.s(11)
__ONCE_RUN__ ([linker generated]):
    [linker generated]        C:\Users\Noah\fun\c64\cc65\cfg/c64.cfg(15)
    [linker generated]        C:\Users\Noah\fun\c64\cc65\cfg/c64.cfg(15)
__STACKSIZE__ ([linker generated]):
    [linker generated]        C:\Users\Noah\fun\c64\cc65\cfg/c64.cfg(15)
__STARTUP__ (crt0.o):
    m02.o                     m02.s(23)
_main (m02.o):
    callmain.o                runtime/callmain.s(11)
callax (call.o):
    m02.o                     m02.s(718)
callmain (callmain.o):
    crt0.o                    c64/crt0.s(9)
decsp8 (decsp8.o):
    m02.o                     m02.s(718)
donelib (condes.o):
    crt0.o                    c64/crt0.s(8)
initlib (condes.o):
    crt0.o                    c64/crt0.s(8)
ptr1 (zeropage.o):
    zerobss.o                 common/zerobss.s(9)
    call.o                    runtime/call.s(8)
    m02.o                     m02.s(11)
pushax (pushax.o):
    callmain.o                runtime/callmain.s(11)
    m02.o                     m02.s(718)
    m02.o                     m02.s(718)
sp (zeropage.o):
    pushax.o                  runtime/pushax.s(8)
    decsp8.o                  runtime/decsp8.s(8)
    crt0.o                    /home/travis/build/cc65/cc65/asminc/zeropage.inc(11)
    m02.o                     m02.s(10)
zerobss (zerobss.o):
    crt0.o                    c64/crt0.s(9)

